// Jest Snapshot v1, https://goo.gl/fbAQLP

exports[`AudioConf renders correctly with props 1`] = `
<View
  style={
    Object {
      "alignItems": "center",
      "backgroundColor": "#000",
      "flex": 1,
      "justifyContent": "center",
    }
  }
>
  <ActivityIndicator
    animating={true}
    color="#FFF"
    hidesWhenStopped={true}
    size="small"
  />
</View>
`;

exports[`AudioConf renders correctly without props 1`] = `
<View
  style={
    Object {
      "alignItems": "center",
      "backgroundColor": "#000",
      "flex": 1,
      "justifyContent": "center",
    }
  }
>
  <ActivityIndicator
    animating={true}
    color="#FFF"
    hidesWhenStopped={true}
    size="small"
  />
</View>
`;
